// Jest Snapshot v1, https://goo.gl/fbAQLP

exports[`code generate should generate interpolation 1`] = `
"const { toDisplayString: _toDisplayString } = Vue
return function render(_ctx, _cache) {return _toDisplayString(_ctx.message)}"
`;

exports[`code generate should generate nested element 1`] = `
"const { toDisplayString: _toDisplayString, createElementVNode: _createElementVNode } = Vue
return function render(_ctx, _cache) {return _createElementVNode(\\"div\\", null, \\"hi, \\" + _toDisplayString(_ctx.message))}"
`;

exports[`code generate should generate paragraph nested element 1`] = `
"const { createElementVNode: _createElementVNode, toDisplayString: _toDisplayString } = Vue
return function render(_ctx, _cache) {return _createElementVNode(\\"div\\", null, _createElementVNode(p, null, \\"hello\\"), \\",\\", _createElementVNode(p, null, _toDisplayString(_ctx.msg)))}"
`;

exports[`code generate should generate string 1`] = `
"
return function render(_ctx, _cache) {return \\"hi\\"}"
`;
